
          ~~~~~~~~~~~~~~~~~~~~~~~~~~~~~~~~~~~~~~~~~~~~~~~~~~~~~~~
          kHelix  v1.0                                     2015
          ~~~~~~~~~~~~~~~~~~~~~~~~~~~~~~~~~~~~~~~~~~~~~~~~~~~~~~~

          inputhelix            NewNievergelt.8xyz                                                                                  
          coord_type                           0
             num_grd                         360
              natoms                           8
             nframes                           1
        grid_phi_beg                      0.0000
        grid_phi_end                    180.0000
      grid_theta_beg                      0.0000
      grid_theta_end                    180.0000
               dsDNA                           0
        opt_axis_out                           0
       all_helix_out                           0
             oradian                           0
     helix_atom_name            P 
       helixout_name            testhelix.8.out                                                                                     
          print_sing                           0
          print_step                           1
       print_to_plot                           0

 ~~~~~~~~~~~~~~~~~~~~~~~~~~~~~~~~~~~~~~~~~~~~~~~~~~~~~~~~~~~~~~~~
          kHelix  execution info                              :::
 ~~~~~~~~~~~~~~~~~~~~~~~~~~~~~~~~~~~~~~~~~~~~~~~~~~~~~~~~~~~~~~~~

| Run on 07/22/2015 at 08:19:31

| Executable path:   /Users/k/Desktop/Manuscripts/kHelix/Code/kHelix.o
| Working directory: /Users/k/Desktop/Manuscripts/kHelix/Results/002.table2_constrained_Nievergelt

 ~~~~~~~~~~~~~~~~~~~~~~~~~~~~~~~~~~~~~~~~~~~~~~~~~~~~~~~~~~~~~~~~
          kHelix  results                                     :::
 ~~~~~~~~~~~~~~~~~~~~~~~~~~~~~~~~~~~~~~~~~~~~~~~~~~~~~~~~~~~~~~~~

   Phi:                  131.5000
   Theta:                127.0000
   Residual:               0.0062
   Radius:               194.0030
   Pitch of A:           597.7402
   Sweep of A:            67.5576


 ................................................................
          Angles swept between successive steps               :::
 ................................................................

   Step    1    Sweeps(degrees)    14.2880

   Step    2    Sweeps(degrees)     8.3892

   Step    3    Sweeps(degrees)     7.9116

   Step    4    Sweeps(degrees)     6.3730

   Step    5    Sweeps(degrees)    16.3019

   Step    6    Sweeps(degrees)     6.3793

   Step    7    Sweeps(degrees)     7.9146


          ~~~~~~~~~~~~~~~~~~~~~~~~~~~~~~~~~~~~~~~~~~~~~~~~~~~~~~~
          kHelix  execution timing:                         :::
          ~~~~~~~~~~~~~~~~~~~~~~~~~~~~~~~~~~~~~~~~~~~~~~~~~~~~~~~

   Duration of kHelix execution (seconds):            0.248093
