
          ~~~~~~~~~~~~~~~~~~~~~~~~~~~~~~~~~~~~~~~~~~~~~~~~~~~~~~~
          kHelix  v1.0                                     2015
          ~~~~~~~~~~~~~~~~~~~~~~~~~~~~~~~~~~~~~~~~~~~~~~~~~~~~~~~

          inputhelix            NewNievergelt.5xyz                                                                                  
          coord_type                           0
             num_grd                         360
              natoms                           5
             nframes                           1
        grid_phi_beg                      0.0000
        grid_phi_end                    180.0000
      grid_theta_beg                      0.0000
      grid_theta_end                    180.0000
               dsDNA                           0
        opt_axis_out                           0
       all_helix_out                           0
             oradian                           0
     helix_atom_name            P 
       helixout_name            testhelix.5.360.out                                                                                 
          print_sing                           0
          print_step                           0
       print_to_plot                           1

 ~~~~~~~~~~~~~~~~~~~~~~~~~~~~~~~~~~~~~~~~~~~~~~~~~~~~~~~~~~~~~~~~
          kHelix  execution info                              :::
 ~~~~~~~~~~~~~~~~~~~~~~~~~~~~~~~~~~~~~~~~~~~~~~~~~~~~~~~~~~~~~~~~

| Run on 07/22/2015 at 12:10:53

| Executable path:   /Users/k/Desktop/Manuscripts/kHelix/Code/kHelix.o
| Working directory: /Users/k/Desktop/Manuscripts/kHelix/Results/001.table1_UNconstrained_Nievergelt

 ~~~~~~~~~~~~~~~~~~~~~~~~~~~~~~~~~~~~~~~~~~~~~~~~~~~~~~~~~~~~~~~~
          kHelix  results                                     :::
 ~~~~~~~~~~~~~~~~~~~~~~~~~~~~~~~~~~~~~~~~~~~~~~~~~~~~~~~~~~~~~~~~


 ................................................................
          Phi     Theta  Residual    Radius    Pitch1    Sweep1
 ................................................................

     177.5000  135.0000    0.0001  222.3178  454.0919   34.4080

          ~~~~~~~~~~~~~~~~~~~~~~~~~~~~~~~~~~~~~~~~~~~~~~~~~~~~~~~
          kHelix  execution timing:                         :::
          ~~~~~~~~~~~~~~~~~~~~~~~~~~~~~~~~~~~~~~~~~~~~~~~~~~~~~~~

   Duration of kHelix execution (seconds):            0.213727
